// Jest Snapshot v1, https://goo.gl/fbAQLP

exports[`shallow renders 1`] = `
<div
  className="wrapper shopping-cart"
>
  <p>
    Your cart: 
  </p>
  <ul />
  <p>
    Total cost: 
  </p>
  <hr />
</div>
`;
